2026-09-16 14:54:18.742084: I tensorflow/core/util/port.cc:153] oneDNN custom operations are on. You may see slightly different numerical results due to floating-point round-off errors from different computation orders. To turn them off, set the environment variable `TF_ENABLE_ONEDNN_OPTS=0`.
2026-09-16 14:54:21.747819: I tensorflow/core/util/port.cc:153] oneDNN custom operations are on. You may see slightly different numerical results due to floating-point round-off errors from different computation orders. To turn them off, set the environment variable `TF_ENABLE_ONEDNN_OPTS=0`.
2026-09-16 14:54:39.556078: I tensorflow/core/platform/cpu_feature_guard.cc:210] This TensorFlow binary is optimized to use available CPU instructions in performance-critical operations.
To enable the following instructions: SSE3 SSE4.1 SSE4.2 AVX AVX2 AVX_VNNI FMA, in other operations, rebuild TensorFlow with the appropriate compiler flags.
TensorFlow 2.19.1 | seed 42 | epochs 25
Outputs -> D:\Final-Year-Project\Poshaneyemn\experiments\image_model_v2\results

=== AUTHORITATIVE CLASS ORDER (fitted LabelEncoder) ===
  0 -> healthy
  1 -> stunted
  2 -> stunted and underweight
  3 -> underweight

=== SPLIT ===
  train       n=1391  {'healthy': 974, 'stunted': 38, 'stunted and underweight': 148, 'underweight': 231}
  validation  n=321   {'healthy': 225, 'stunted': 9, 'stunted and underweight': 34, 'underweight': 53}
  test        n=429   {'healthy': 301, 'stunted': 12, 'stunted and underweight': 45, 'underweight': 71}

=== ARM alpha_0.25 (alpha=0.25) ===
  preprocess: train/val/test = mobilenet preprocess_input ([-1, 1])
  augmentation: train only, {'random_flip': 'horizontal', 'random_contrast': 0.1, 'random_translation_height': 0.05, 'random_translation_width': 0.05, 'random_zoom_height': 0.05, 'random_zoom_width': 0.05}
  class weights (train split only):
    0 healthy                    n_train=974   weight=0.7730
    1 stunted                    n_train=38    weight=1.7393
    2 stunted and underweight    n_train=148   weight=1.2381
    3 underweight                n_train=231   weight=1.1077
D:\Final-Year-Project\.venv\Lib\site-packages\keras\src\trainers\epoch_iterator.py:74: UserWarning: `shuffle=True` was passed, but will be ignored since the data `x` was provided as a tf.data.Dataset. The Dataset is expected to already be shuffled (via `.shuffle(buffer_size)`).
  self.data_adapter = data_adapters.get_data_adapter(
    epoch  1: val_loss=0.9665 val_acc=0.6916 val_macroF1=0.2048 healthy_recall=0.9867  <- saved
    epoch  2: val_loss=0.9769 val_acc=0.6978 val_macroF1=0.2055 healthy_recall=0.9956  <- saved
    epoch  3: val_loss=0.9425 val_acc=0.6978 val_macroF1=0.2063 healthy_recall=0.9956  <- saved
    epoch  4: val_loss=0.9345 val_acc=0.6978 val_macroF1=0.2063 healthy_recall=0.9956
    epoch  5: val_loss=0.9413 val_acc=0.6978 val_macroF1=0.2055 healthy_recall=0.9956
    epoch  6: val_loss=0.9255 val_acc=0.6978 val_macroF1=0.2059 healthy_recall=0.9956
    epoch  7: val_loss=0.9314 val_acc=0.6885 val_macroF1=0.2054 healthy_recall=0.9822
    epoch  8: val_loss=0.9075 val_acc=0.6978 val_macroF1=0.2059 healthy_recall=0.9956
    epoch  9: val_loss=0.9135 val_acc=0.6916 val_macroF1=0.2056 healthy_recall=0.9867
    epoch 10: val_loss=0.9185 val_acc=0.6947 val_macroF1=0.2061 healthy_recall=0.9911
    epoch 11: val_loss=0.9263 val_acc=0.6947 val_macroF1=0.2061 healthy_recall=0.9911

Epoch 11: ReduceLROnPlateau reducing learning rate to 4.999999873689376e-05.
    epoch 12: val_loss=0.9118 val_acc=0.6978 val_macroF1=0.2066 healthy_recall=0.9956  <- saved
    epoch 13: val_loss=0.9126 val_acc=0.6978 val_macroF1=0.2066 healthy_recall=0.9956
Saved artifact at 'C:\Users\Apeksha\AppData\Local\Temp\tmp8i9u7f2y'. The following endpoints are available:

* Endpoint 'serve'
  args_0 (POSITIONAL_ONLY): TensorSpec(shape=(None, 224, 224, 3), dtype=tf.float32, name='image_input')
Output Type:
  TensorSpec(shape=(None, 4), dtype=tf.float32, name=None)
Captures:
  1781767918736: TensorSpec(shape=(), dtype=tf.resource, name=None)
  1781767914512: TensorSpec(shape=(), dtype=tf.resource, name=None)
  1781767914896: TensorSpec(shape=(), dtype=tf.resource, name=None)
  1781767914704: TensorSpec(shape=(), dtype=tf.resource, name=None)
  1781767915856: TensorSpec(shape=(), dtype=tf.resource, name=None)
  1781767918352: TensorSpec(shape=(), dtype=tf.resource, name=None)
  1781767915664: TensorSpec(shape=(), dtype=tf.resource, name=None)
  1781767913744: TensorSpec(shape=(), dtype=tf.resource, name=None)
  1781767917008: TensorSpec(shape=(), dtype=tf.resource, name=None)
  1781767916432: TensorSpec(shape=(), dtype=tf.resource, name=None)
  1781767913936: TensorSpec(shape=(), dtype=tf.resource, name=None)
  1781767914128: TensorSpec(shape=(), dtype=tf.resource, name=None)
  1781767916240: TensorSpec(shape=(), dtype=tf.resource, name=None)
  1781767913552: TensorSpec(shape=(), dtype=tf.resource, name=None)
  1781767919696: TensorSpec(shape=(), dtype=tf.resource, name=None)
  1781767916624: TensorSpec(shape=(), dtype=tf.resource, name=None)
  1781767915472: TensorSpec(shape=(), dtype=tf.resource, name=None)
  1781767918544: TensorSpec(shape=(), dtype=tf.resource, name=None)
  1781767916048: TensorSpec(shape=(), dtype=tf.resource, name=None)
  1781767915088: TensorSpec(shape=(), dtype=tf.resource, name=None)
  1781767926032: TensorSpec(shape=(), dtype=tf.resource, name=None)
  1781768042064: TensorSpec(shape=(), dtype=tf.resource, name=None)
  1781768039568: TensorSpec(shape=(), dtype=tf.resource, name=None)
  1781767915280: TensorSpec(shape=(), dtype=tf.resource, name=None)
  1781768040336: TensorSpec(shape=(), dtype=tf.resource, name=None)
  1781768039760: TensorSpec(shape=(), dtype=tf.resource, name=None)
  1781768041104: TensorSpec(shape=(), dtype=tf.resource, name=None)
  1781768038608: TensorSpec(shape=(), dtype=tf.resource, name=None)
  1781768040528: TensorSpec(shape=(), dtype=tf.resource, name=None)
  1781768040720: TensorSpec(shape=(), dtype=tf.resource, name=None)
  1781768039952: TensorSpec(shape=(), dtype=tf.resource, name=None)
  1781768041488: TensorSpec(shape=(), dtype=tf.resource, name=None)
  1781768039184: TensorSpec(shape=(), dtype=tf.resource, name=None)
  1781768041296: TensorSpec(shape=(), dtype=tf.resource, name=None)
  1781768042448: TensorSpec(shape=(), dtype=tf.resource, name=None)
  1781768040912: TensorSpec(shape=(), dtype=tf.resource, name=None)
  1781768039376: TensorSpec(shape=(), dtype=tf.resource, name=None)
  1781768041680: TensorSpec(shape=(), dtype=tf.resource, name=None)
  1781768040144: TensorSpec(shape=(), dtype=tf.resource, name=None)
  1781768043408: TensorSpec(shape=(), dtype=tf.resource, name=None)
  1781768042832: TensorSpec(shape=(), dtype=tf.resource, name=None)
  1781768043024: TensorSpec(shape=(), dtype=tf.resource, name=None)
  1781768043792: TensorSpec(shape=(), dtype=tf.resource, name=None)
  1781768042256: TensorSpec(shape=(), dtype=tf.resource, name=None)
  1781768044368: TensorSpec(shape=(), dtype=tf.resource, name=None)
  1781768043216: TensorSpec(shape=(), dtype=tf.resource, name=None)
  1781768043984: TensorSpec(shape=(), dtype=tf.resource, name=None)
  1781768041872: TensorSpec(shape=(), dtype=tf.resource, name=None)
  1781768044176: TensorSpec(shape=(), dtype=tf.resource, name=None)
  1781768043600: TensorSpec(shape=(), dtype=tf.resource, name=None)
  1781768042640: TensorSpec(shape=(), dtype=tf.resource, name=None)
  1780310672976: TensorSpec(shape=(), dtype=tf.resource, name=None)
  1780310673168: TensorSpec(shape=(), dtype=tf.resource, name=None)
  1780310672400: TensorSpec(shape=(), dtype=tf.resource, name=None)
  1780310671824: TensorSpec(shape=(), dtype=tf.resource, name=None)
  1780310671632: TensorSpec(shape=(), dtype=tf.resource, name=None)
  1780310672784: TensorSpec(shape=(), dtype=tf.resource, name=None)
  1780310672592: TensorSpec(shape=(), dtype=tf.resource, name=None)
  1780310672208: TensorSpec(shape=(), dtype=tf.resource, name=None)
  1780310674128: TensorSpec(shape=(), dtype=tf.resource, name=None)
  1780310673552: TensorSpec(shape=(), dtype=tf.resource, name=None)
  1780310673744: TensorSpec(shape=(), dtype=tf.resource, name=None)
  1780310673936: TensorSpec(shape=(), dtype=tf.resource, name=None)
  1780310671440: TensorSpec(shape=(), dtype=tf.resource, name=None)
  1780310675088: TensorSpec(shape=(), dtype=tf.resource, name=None)
  1780310674512: TensorSpec(shape=(), dtype=tf.resource, name=None)
  1780310674704: TensorSpec(shape=(), dtype=tf.resource, name=None)
  1780310674896: TensorSpec(shape=(), dtype=tf.resource, name=None)
  1780310672016: TensorSpec(shape=(), dtype=tf.resource, name=None)
  1780310676048: TensorSpec(shape=(), dtype=tf.resource, name=None)
  1780310675472: TensorSpec(shape=(), dtype=tf.resource, name=None)
  1780310675664: TensorSpec(shape=(), dtype=tf.resource, name=None)
  1780310675856: TensorSpec(shape=(), dtype=tf.resource, name=None)
  1780310673360: TensorSpec(shape=(), dtype=tf.resource, name=None)
  1780310677008: TensorSpec(shape=(), dtype=tf.resource, name=None)
  1780310676432: TensorSpec(shape=(), dtype=tf.resource, name=None)
  1780310676624: TensorSpec(shape=(), dtype=tf.resource, name=None)
  1780310676816: TensorSpec(shape=(), dtype=tf.resource, name=None)
  1780310674320: TensorSpec(shape=(), dtype=tf.resource, name=None)
  1780310677968: TensorSpec(shape=(), dtype=tf.resource, name=None)
  1780310677392: TensorSpec(shape=(), dtype=tf.resource, name=None)
  1780310677584: TensorSpec(shape=(), dtype=tf.resource, name=None)
  1780310677776: TensorSpec(shape=(), dtype=tf.resource, name=None)
  1780310675280: TensorSpec(shape=(), dtype=tf.resource, name=None)
  1780310678928: TensorSpec(shape=(), dtype=tf.resource, name=None)
  1780310678352: TensorSpec(shape=(), dtype=tf.resource, name=None)
  1780310678544: TensorSpec(shape=(), dtype=tf.resource, name=None)
  1780310678736: TensorSpec(shape=(), dtype=tf.resource, name=None)
  1780310676240: TensorSpec(shape=(), dtype=tf.resource, name=None)
  1780310679888: TensorSpec(shape=(), dtype=tf.resource, name=None)
  1780310679312: TensorSpec(shape=(), dtype=tf.resource, name=None)
  1780310679504: TensorSpec(shape=(), dtype=tf.resource, name=None)
  1780310679696: TensorSpec(shape=(), dtype=tf.resource, name=None)
  1780310677200: TensorSpec(shape=(), dtype=tf.resource, name=None)
  1780310680848: TensorSpec(shape=(), dtype=tf.resource, name=None)
  1780310680272: TensorSpec(shape=(), dtype=tf.resource, name=None)
  1780310680464: TensorSpec(shape=(), dtype=tf.resource, name=None)
  1780310680656: TensorSpec(shape=(), dtype=tf.resource, name=None)
  1780310678160: TensorSpec(shape=(), dtype=tf.resource, name=None)
  1780310681808: TensorSpec(shape=(), dtype=tf.resource, name=None)
  1780310681232: TensorSpec(shape=(), dtype=tf.resource, name=None)
  1780310681424: TensorSpec(shape=(), dtype=tf.resource, name=None)
  1780310681616: TensorSpec(shape=(), dtype=tf.resource, name=None)
  1780310679120: TensorSpec(shape=(), dtype=tf.resource, name=None)
  1780310682768: TensorSpec(shape=(), dtype=tf.resource, name=None)
  1780310682192: TensorSpec(shape=(), dtype=tf.resource, name=None)
  1780310682384: TensorSpec(shape=(), dtype=tf.resource, name=None)
  1780310682576: TensorSpec(shape=(), dtype=tf.resource, name=None)
  1780310680080: TensorSpec(shape=(), dtype=tf.resource, name=None)
  1780310683728: TensorSpec(shape=(), dtype=tf.resource, name=None)
  1780310683152: TensorSpec(shape=(), dtype=tf.resource, name=None)
  1780310683344: TensorSpec(shape=(), dtype=tf.resource, name=None)
  1780310683536: TensorSpec(shape=(), dtype=tf.resource, name=None)
  1780310681040: TensorSpec(shape=(), dtype=tf.resource, name=None)
  1780310684688: TensorSpec(shape=(), dtype=tf.resource, name=None)
  1780310684112: TensorSpec(shape=(), dtype=tf.resource, name=None)
  1780310684304: TensorSpec(shape=(), dtype=tf.resource, name=None)
  1780310684496: TensorSpec(shape=(), dtype=tf.resource, name=None)
  1780310682000: TensorSpec(shape=(), dtype=tf.resource, name=None)
  1780310685648: TensorSpec(shape=(), dtype=tf.resource, name=None)
  1780310685072: TensorSpec(shape=(), dtype=tf.resource, name=None)
  1780310685264: TensorSpec(shape=(), dtype=tf.resource, name=None)
  1780310685456: TensorSpec(shape=(), dtype=tf.resource, name=None)
  1780310682960: TensorSpec(shape=(), dtype=tf.resource, name=None)
  1780310686608: TensorSpec(shape=(), dtype=tf.resource, name=None)
  1780310686032: TensorSpec(shape=(), dtype=tf.resource, name=None)
  1780310686224: TensorSpec(shape=(), dtype=tf.resource, name=None)
  1780310686992: TensorSpec(shape=(), dtype=tf.resource, name=None)
  1780310683920: TensorSpec(shape=(), dtype=tf.resource, name=None)
  1780310687568: TensorSpec(shape=(), dtype=tf.resource, name=None)
  1780310686416: TensorSpec(shape=(), dtype=tf.resource, name=None)
  1780310687184: TensorSpec(shape=(), dtype=tf.resource, name=None)
  1780310684880: TensorSpec(shape=(), dtype=tf.resource, name=None)
  1780310687376: TensorSpec(shape=(), dtype=tf.resource, name=None)
  1780310686800: TensorSpec(shape=(), dtype=tf.resource, name=None)
  1780310685840: TensorSpec(shape=(), dtype=tf.resource, name=None)
  1780312442448: TensorSpec(shape=(), dtype=tf.resource, name=None)
  1780312442640: TensorSpec(shape=(), dtype=tf.resource, name=None)
  1780312441872: TensorSpec(shape=(), dtype=tf.resource, name=None)
  1780312441296: TensorSpec(shape=(), dtype=tf.resource, name=None)
  1780312441104: TensorSpec(shape=(), dtype=tf.resource, name=None)
  1780312442256: TensorSpec(shape=(), dtype=tf.resource, name=None)
  1780312442064: TensorSpec(shape=(), dtype=tf.resource, name=None)
  1780312441680: TensorSpec(shape=(), dtype=tf.resource, name=None)
  1780312443600: TensorSpec(shape=(), dtype=tf.resource, name=None)
  1780312443024: TensorSpec(shape=(), dtype=tf.resource, name=None)
  1780312443216: TensorSpec(shape=(), dtype=tf.resource, name=None)
  1780312443408: TensorSpec(shape=(), dtype=tf.resource, name=None)
  1780312440912: TensorSpec(shape=(), dtype=tf.resource, name=None)
  1780312444560: TensorSpec(shape=(), dtype=tf.resource, name=None)
  1780312443984: TensorSpec(shape=(), dtype=tf.resource, name=None)
  1780312444176: TensorSpec(shape=(), dtype=tf.resource, name=None)
  1780312444368: TensorSpec(shape=(), dtype=tf.resource, name=None)
  1780312441488: TensorSpec(shape=(), dtype=tf.resource, name=None)
  1780312445520: TensorSpec(shape=(), dtype=tf.resource, name=None)
  1780312444944: TensorSpec(shape=(), dtype=tf.resource, name=None)
  1780312445136: TensorSpec(shape=(), dtype=tf.resource, name=None)
  1780312445328: TensorSpec(shape=(), dtype=tf.resource, name=None)
  1780312442832: TensorSpec(shape=(), dtype=tf.resource, name=None)
  1780312446480: TensorSpec(shape=(), dtype=tf.resource, name=None)
  1780312445904: TensorSpec(shape=(), dtype=tf.resource, name=None)
  1780312446096: TensorSpec(shape=(), dtype=tf.resource, name=None)
  1780312446288: TensorSpec(shape=(), dtype=tf.resource, name=None)
  1780312443792: TensorSpec(shape=(), dtype=tf.resource, name=None)
  1780312447440: TensorSpec(shape=(), dtype=tf.resource, name=None)
  1780312446864: TensorSpec(shape=(), dtype=tf.resource, name=None)
  1780312447056: TensorSpec(shape=(), dtype=tf.resource, name=None)
  1780312447248: TensorSpec(shape=(), dtype=tf.resource, name=None)
  1780312444752: TensorSpec(shape=(), dtype=tf.resource, name=None)
  1780312448400: TensorSpec(shape=(), dtype=tf.resource, name=None)
  1780312447824: TensorSpec(shape=(), dtype=tf.resource, name=None)
  1780312448016: TensorSpec(shape=(), dtype=tf.resource, name=None)
  1780312448208: TensorSpec(shape=(), dtype=tf.resource, name=None)
  1780312445712: TensorSpec(shape=(), dtype=tf.resource, name=None)
  1780312449360: TensorSpec(shape=(), dtype=tf.resource, name=None)
  1780312448784: TensorSpec(shape=(), dtype=tf.resource, name=None)
  1780312448976: TensorSpec(shape=(), dtype=tf.resource, name=None)
  1780312449168: TensorSpec(shape=(), dtype=tf.resource, name=None)
  1780312446672: TensorSpec(shape=(), dtype=tf.resource, name=None)
  1780312450320: TensorSpec(shape=(), dtype=tf.resource, name=None)
  1780312449744: TensorSpec(shape=(), dtype=tf.resource, name=None)
  1780312449936: TensorSpec(shape=(), dtype=tf.resource, name=None)
  1780312450128: TensorSpec(shape=(), dtype=tf.resource, name=None)
  1780312447632: TensorSpec(shape=(), dtype=tf.resource, name=None)
  1780312451280: TensorSpec(shape=(), dtype=tf.resource, name=None)
  1780312450704: TensorSpec(shape=(), dtype=tf.resource, name=None)
  1780312450896: TensorSpec(shape=(), dtype=tf.resource, name=None)
  1780312451088: TensorSpec(shape=(), dtype=tf.resource, name=None)
  1780312448592: TensorSpec(shape=(), dtype=tf.resource, name=None)
  1780312452240: TensorSpec(shape=(), dtype=tf.resource, name=None)
  1780312451664: TensorSpec(shape=(), dtype=tf.resource, name=None)
  1780312451856: TensorSpec(shape=(), dtype=tf.resource, name=None)
  1780312452048: TensorSpec(shape=(), dtype=tf.resource, name=None)
  1780312449552: TensorSpec(shape=(), dtype=tf.resource, name=None)
  1780312453200: TensorSpec(shape=(), dtype=tf.resource, name=None)
  1780312452624: TensorSpec(shape=(), dtype=tf.resource, name=None)
  1780312452816: TensorSpec(shape=(), dtype=tf.resource, name=None)
  1780312453008: TensorSpec(shape=(), dtype=tf.resource, name=None)
  1780312450512: TensorSpec(shape=(), dtype=tf.resource, name=None)
  1780312454160: TensorSpec(shape=(), dtype=tf.resource, name=None)
  1780312453584: TensorSpec(shape=(), dtype=tf.resource, name=None)
  1780312453776: TensorSpec(shape=(), dtype=tf.resource, name=None)
  1780312453968: TensorSpec(shape=(), dtype=tf.resource, name=None)
  1780312451472: TensorSpec(shape=(), dtype=tf.resource, name=None)
  1780312455120: TensorSpec(shape=(), dtype=tf.resource, name=None)
  1780312454544: TensorSpec(shape=(), dtype=tf.resource, name=None)
  1780312454736: TensorSpec(shape=(), dtype=tf.resource, name=None)
  1780312454928: TensorSpec(shape=(), dtype=tf.resource, name=None)
  1780312452432: TensorSpec(shape=(), dtype=tf.resource, name=None)
  1780312456080: TensorSpec(shape=(), dtype=tf.resource, name=None)
  1780312455504: TensorSpec(shape=(), dtype=tf.resource, name=None)
  1780312455696: TensorSpec(shape=(), dtype=tf.resource, name=None)
  1780312456464: TensorSpec(shape=(), dtype=tf.resource, name=None)
  1780312453392: TensorSpec(shape=(), dtype=tf.resource, name=None)
  1780312457040: TensorSpec(shape=(), dtype=tf.resource, name=None)
  1780312455888: TensorSpec(shape=(), dtype=tf.resource, name=None)
  1780312456656: TensorSpec(shape=(), dtype=tf.resource, name=None)
  1780312454352: TensorSpec(shape=(), dtype=tf.resource, name=None)
  1780312456848: TensorSpec(shape=(), dtype=tf.resource, name=None)
  1780312456272: TensorSpec(shape=(), dtype=tf.resource, name=None)
  1780312455312: TensorSpec(shape=(), dtype=tf.resource, name=None)
  1780309935696: TensorSpec(shape=(), dtype=tf.resource, name=None)
  1780309935888: TensorSpec(shape=(), dtype=tf.resource, name=None)
  1780309935120: TensorSpec(shape=(), dtype=tf.resource, name=None)
  1780309934544: TensorSpec(shape=(), dtype=tf.resource, name=None)
  1780309934352: TensorSpec(shape=(), dtype=tf.resource, name=None)
  1780309935504: TensorSpec(shape=(), dtype=tf.resource, name=None)
  1780309935312: TensorSpec(shape=(), dtype=tf.resource, name=None)
  1780309934928: TensorSpec(shape=(), dtype=tf.resource, name=None)
  1780309936848: TensorSpec(shape=(), dtype=tf.resource, name=None)
  1780309936272: TensorSpec(shape=(), dtype=tf.resource, name=None)
  1780309936464: TensorSpec(shape=(), dtype=tf.resource, name=None)
  1780309936656: TensorSpec(shape=(), dtype=tf.resource, name=None)
  1780309934160: TensorSpec(shape=(), dtype=tf.resource, name=None)
  1780309937808: TensorSpec(shape=(), dtype=tf.resource, name=None)
  1780309937232: TensorSpec(shape=(), dtype=tf.resource, name=None)
  1780309937424: TensorSpec(shape=(), dtype=tf.resource, name=None)
  1780309937616: TensorSpec(shape=(), dtype=tf.resource, name=None)
  1780309934736: TensorSpec(shape=(), dtype=tf.resource, name=None)
  1780309938768: TensorSpec(shape=(), dtype=tf.resource, name=None)
  1780309938192: TensorSpec(shape=(), dtype=tf.resource, name=None)
  1780309938384: TensorSpec(shape=(), dtype=tf.resource, name=None)
  1780309938576: TensorSpec(shape=(), dtype=tf.resource, name=None)
  1780309936080: TensorSpec(shape=(), dtype=tf.resource, name=None)
  1780309939728: TensorSpec(shape=(), dtype=tf.resource, name=None)
  1780309939152: TensorSpec(shape=(), dtype=tf.resource, name=None)
  1780309939344: TensorSpec(shape=(), dtype=tf.resource, name=None)
  1780309939536: TensorSpec(shape=(), dtype=tf.resource, name=None)
  1780309937040: TensorSpec(shape=(), dtype=tf.resource, name=None)
  1780309940688: TensorSpec(shape=(), dtype=tf.resource, name=None)
  1780309940112: TensorSpec(shape=(), dtype=tf.resource, name=None)
  1780309940304: TensorSpec(shape=(), dtype=tf.resource, name=None)
  1780309940496: TensorSpec(shape=(), dtype=tf.resource, name=None)
  1780309938000: TensorSpec(shape=(), dtype=tf.resource, name=None)
  1780309941648: TensorSpec(shape=(), dtype=tf.resource, name=None)
  1780309941072: TensorSpec(shape=(), dtype=tf.resource, name=None)
  1780309941264: TensorSpec(shape=(), dtype=tf.resource, name=None)
  1780309941456: TensorSpec(shape=(), dtype=tf.resource, name=None)
  1780309938960: TensorSpec(shape=(), dtype=tf.resource, name=None)
  1780309942608: TensorSpec(shape=(), dtype=tf.resource, name=None)
  1780309942992: TensorSpec(shape=(), dtype=tf.resource, name=None)
  1780309942800: TensorSpec(shape=(), dtype=tf.resource, name=None)
  1780309943568: TensorSpec(shape=(), dtype=tf.resource, name=None)
  1780309942416: TensorSpec(shape=(), dtype=tf.resource, name=None)
WARNING: All log messages before absl::InitializeLog() is called are written to STDERR
W0000 00:00:1789551570.207272    7660 tf_tfl_flatbuffer_helpers.cc:365] Ignored output_format.
W0000 00:00:1789551570.208329    7660 tf_tfl_flatbuffer_helpers.cc:368] Ignored drop_control_dependency.
2026-09-16 15:09:30.210453: I tensorflow/cc/saved_model/reader.cc:83] Reading SavedModel from: C:\Users\Apeksha\AppData\Local\Temp\tmp8i9u7f2y
2026-09-16 15:09:30.251969: I tensorflow/cc/saved_model/reader.cc:52] Reading meta graph with tags { serve }
2026-09-16 15:09:30.252260: I tensorflow/cc/saved_model/reader.cc:147] Reading SavedModel debug info (if present) from: C:\Users\Apeksha\AppData\Local\Temp\tmp8i9u7f2y
I0000 00:00:1789551570.503601    7660 mlir_graph_optimization_pass.cc:425] MLIR V1 optimization pass is not enabled
2026-09-16 15:09:30.540427: I tensorflow/cc/saved_model/loader.cc:236] Restoring SavedModel bundle.
2026-09-16 15:09:32.180405: I tensorflow/cc/saved_model/loader.cc:220] Running initialization op on SavedModel bundle at path: C:\Users\Apeksha\AppData\Local\Temp\tmp8i9u7f2y
2026-09-16 15:09:32.577631: I tensorflow/cc/saved_model/loader.cc:471] SavedModel load for tags { serve }; Status: success: OK. Took 2367364 microseconds.
2026-09-16 15:09:33.047138: I tensorflow/compiler/mlir/tensorflow/utils/dump_mlir_util.cc:269] disabling MLIR crash reproducer, set env var `MLIR_CRASH_REPRODUCER_DIRECTORY` to enable.
  selected: best guarded validation macro F1 at epoch 12
  validation: acc=0.6978 balanced_acc=0.2489 macroF1=0.2066 healthy_recall=0.9956

=== ARM alpha_0.50 (alpha=0.5) ===
  preprocess: train/val/test = mobilenet preprocess_input ([-1, 1])
  augmentation: train only, {'random_flip': 'horizontal', 'random_contrast': 0.1, 'random_translation_height': 0.05, 'random_translation_width': 0.05, 'random_zoom_height': 0.05, 'random_zoom_width': 0.05}
  class weights (train split only):
    0 healthy                    n_train=974   weight=0.5975
    1 stunted                    n_train=38    weight=3.0251
    2 stunted and underweight    n_train=148   weight=1.5329
    3 underweight                n_train=231   weight=1.2270
D:\Final-Year-Project\.venv\Lib\site-packages\keras\src\trainers\epoch_iterator.py:74: UserWarning: `shuffle=True` was passed, but will be ignored since the data `x` was provided as a tf.data.Dataset. The Dataset is expected to already be shuffled (via `.shuffle(buffer_size)`).
  self.data_adapter = data_adapters.get_data_adapter(
    epoch  1: val_loss=1.0833 val_acc=0.5514 val_macroF1=0.2398 healthy_recall=0.7422
    epoch  2: val_loss=1.0679 val_acc=0.5732 val_macroF1=0.2301 healthy_recall=0.7867
    epoch  3: val_loss=1.0215 val_acc=0.6199 val_macroF1=0.1925 healthy_recall=0.8844  <- saved
    epoch  4: val_loss=1.0297 val_acc=0.6168 val_macroF1=0.2119 healthy_recall=0.8667  <- saved
    epoch  5: val_loss=1.0702 val_acc=0.6012 val_macroF1=0.2378 healthy_recall=0.8267  <- saved
    epoch  6: val_loss=1.0781 val_acc=0.5919 val_macroF1=0.2428 healthy_recall=0.8267  <- saved

Epoch 6: ReduceLROnPlateau reducing learning rate to 4.999999873689376e-05.
    epoch  7: val_loss=1.0008 val_acc=0.6293 val_macroF1=0.2112 healthy_recall=0.8889
    epoch  8: val_loss=1.0103 val_acc=0.6324 val_macroF1=0.2280 healthy_recall=0.8844
    epoch  9: val_loss=1.0003 val_acc=0.6386 val_macroF1=0.2294 healthy_recall=0.8933
    epoch 10: val_loss=0.9768 val_acc=0.6604 val_macroF1=0.2260 healthy_recall=0.9289
    epoch 11: val_loss=0.9957 val_acc=0.6386 val_macroF1=0.2142 healthy_recall=0.9022
    epoch 12: val_loss=0.9924 val_acc=0.6417 val_macroF1=0.2302 healthy_recall=0.8978
    epoch 13: val_loss=0.9723 val_acc=0.6698 val_macroF1=0.2178 healthy_recall=0.9467
    epoch 14: val_loss=0.9724 val_acc=0.6667 val_macroF1=0.2197 healthy_recall=0.9422
    epoch 15: val_loss=0.9583 val_acc=0.6822 val_macroF1=0.2124 healthy_recall=0.9689
    epoch 16: val_loss=0.9919 val_acc=0.6449 val_macroF1=0.2142 healthy_recall=0.9111
    epoch 17: val_loss=0.9781 val_acc=0.6667 val_macroF1=0.2101 healthy_recall=0.9467
    epoch 18: val_loss=0.9719 val_acc=0.6698 val_macroF1=0.2308 healthy_recall=0.9422

Epoch 18: ReduceLROnPlateau reducing learning rate to 2.499999936844688e-05.
    epoch 19: val_loss=0.9852 val_acc=0.6480 val_macroF1=0.2323 healthy_recall=0.9067
    epoch 20: val_loss=0.9771 val_acc=0.6667 val_macroF1=0.2307 healthy_recall=0.9378
Saved artifact at 'C:\Users\Apeksha\AppData\Local\Temp\tmp2zfarls4'. The following endpoints are available:

* Endpoint 'serve'
  args_0 (POSITIONAL_ONLY): TensorSpec(shape=(None, 224, 224, 3), dtype=tf.float32, name='image_input')
Output Type:
  TensorSpec(shape=(None, 4), dtype=tf.float32, name=None)
Captures:
  1784165056336: TensorSpec(shape=(), dtype=tf.resource, name=None)
  1784180844560: TensorSpec(shape=(), dtype=tf.resource, name=None)
  1784180840720: TensorSpec(shape=(), dtype=tf.resource, name=None)
  1784165054992: TensorSpec(shape=(), dtype=tf.resource, name=None)
  1784165055952: TensorSpec(shape=(), dtype=tf.resource, name=None)
  1784180841872: TensorSpec(shape=(), dtype=tf.resource, name=None)
  1784180841680: TensorSpec(shape=(), dtype=tf.resource, name=None)
  1784180840528: TensorSpec(shape=(), dtype=tf.resource, name=None)
  1784180838800: TensorSpec(shape=(), dtype=tf.resource, name=None)
  1784180843216: TensorSpec(shape=(), dtype=tf.resource, name=None)
  1784180841104: TensorSpec(shape=(), dtype=tf.resource, name=None)
  1784180841296: TensorSpec(shape=(), dtype=tf.resource, name=None)
  1784180839376: TensorSpec(shape=(), dtype=tf.resource, name=None)
  1784180844752: TensorSpec(shape=(), dtype=tf.resource, name=None)
  1784180842832: TensorSpec(shape=(), dtype=tf.resource, name=None)
  1784180843984: TensorSpec(shape=(), dtype=tf.resource, name=None)
  1784180839568: TensorSpec(shape=(), dtype=tf.resource, name=None)
  1784180839184: TensorSpec(shape=(), dtype=tf.resource, name=None)
  1784180842640: TensorSpec(shape=(), dtype=tf.resource, name=None)
  1784180842448: TensorSpec(shape=(), dtype=tf.resource, name=None)
  1784180838992: TensorSpec(shape=(), dtype=tf.resource, name=None)
  1784180838416: TensorSpec(shape=(), dtype=tf.resource, name=None)
  1784180845712: TensorSpec(shape=(), dtype=tf.resource, name=None)
  1784180844368: TensorSpec(shape=(), dtype=tf.resource, name=None)
  1784180840336: TensorSpec(shape=(), dtype=tf.resource, name=None)
  1784180843408: TensorSpec(shape=(), dtype=tf.resource, name=None)
  1784180841488: TensorSpec(shape=(), dtype=tf.resource, name=None)
  1784180842256: TensorSpec(shape=(), dtype=tf.resource, name=None)
  1784180845904: TensorSpec(shape=(), dtype=tf.resource, name=None)
  1784180838224: TensorSpec(shape=(), dtype=tf.resource, name=None)
  1784180839952: TensorSpec(shape=(), dtype=tf.resource, name=None)
  1784180839760: TensorSpec(shape=(), dtype=tf.resource, name=None)
  1784180845520: TensorSpec(shape=(), dtype=tf.resource, name=None)
  1784180840912: TensorSpec(shape=(), dtype=tf.resource, name=None)
  1784180837264: TensorSpec(shape=(), dtype=tf.resource, name=None)
  1784180837456: TensorSpec(shape=(), dtype=tf.resource, name=None)
  1784180838032: TensorSpec(shape=(), dtype=tf.resource, name=None)
  1784180837840: TensorSpec(shape=(), dtype=tf.resource, name=None)
  1784180840144: TensorSpec(shape=(), dtype=tf.resource, name=None)
  1784180836304: TensorSpec(shape=(), dtype=tf.resource, name=None)
  1784180836496: TensorSpec(shape=(), dtype=tf.resource, name=None)
  1784180837072: TensorSpec(shape=(), dtype=tf.resource, name=None)
  1784180836880: TensorSpec(shape=(), dtype=tf.resource, name=None)
  1784180838608: TensorSpec(shape=(), dtype=tf.resource, name=None)
  1784180835344: TensorSpec(shape=(), dtype=tf.resource, name=None)
  1784180835536: TensorSpec(shape=(), dtype=tf.resource, name=None)
  1784180836112: TensorSpec(shape=(), dtype=tf.resource, name=None)
  1784180834576: TensorSpec(shape=(), dtype=tf.resource, name=None)
  1784180837648: TensorSpec(shape=(), dtype=tf.resource, name=None)
  1784180834384: TensorSpec(shape=(), dtype=tf.resource, name=None)
  1781767919120: TensorSpec(shape=(), dtype=tf.resource, name=None)
  1784180835152: TensorSpec(shape=(), dtype=tf.resource, name=None)
  1784180836688: TensorSpec(shape=(), dtype=tf.resource, name=None)
  1781767917776: TensorSpec(shape=(), dtype=tf.resource, name=None)
  1784180835920: TensorSpec(shape=(), dtype=tf.resource, name=None)
  1784180834960: TensorSpec(shape=(), dtype=tf.resource, name=None)
  1780309944912: TensorSpec(shape=(), dtype=tf.resource, name=None)
  1780309950096: TensorSpec(shape=(), dtype=tf.resource, name=None)
  1784180834768: TensorSpec(shape=(), dtype=tf.resource, name=None)
  1784180835728: TensorSpec(shape=(), dtype=tf.resource, name=None)
  1780309950288: TensorSpec(shape=(), dtype=tf.resource, name=None)
  1780309948176: TensorSpec(shape=(), dtype=tf.resource, name=None)
  1780309949904: TensorSpec(shape=(), dtype=tf.resource, name=None)
  1780309949712: TensorSpec(shape=(), dtype=tf.resource, name=None)
  1780309948368: TensorSpec(shape=(), dtype=tf.resource, name=None)
  1780309948560: TensorSpec(shape=(), dtype=tf.resource, name=None)
  1780309949136: TensorSpec(shape=(), dtype=tf.resource, name=None)
  1780309948944: TensorSpec(shape=(), dtype=tf.resource, name=None)
  1780309949328: TensorSpec(shape=(), dtype=tf.resource, name=None)
  1780309947216: TensorSpec(shape=(), dtype=tf.resource, name=None)
  1780309947408: TensorSpec(shape=(), dtype=tf.resource, name=None)
  1780309947984: TensorSpec(shape=(), dtype=tf.resource, name=None)
  1780309947792: TensorSpec(shape=(), dtype=tf.resource, name=None)
  1780309949520: TensorSpec(shape=(), dtype=tf.resource, name=None)
  1780309946448: TensorSpec(shape=(), dtype=tf.resource, name=None)
  1780309944336: TensorSpec(shape=(), dtype=tf.resource, name=None)
  1780309947024: TensorSpec(shape=(), dtype=tf.resource, name=None)
  1780309944720: TensorSpec(shape=(), dtype=tf.resource, name=None)
  1780309944528: TensorSpec(shape=(), dtype=tf.resource, name=None)
  1780309946640: TensorSpec(shape=(), dtype=tf.resource, name=None)
  1780309947600: TensorSpec(shape=(), dtype=tf.resource, name=None)
  1780309948752: TensorSpec(shape=(), dtype=tf.resource, name=None)
  1781767334480: TensorSpec(shape=(), dtype=tf.resource, name=None)
  1780309946832: TensorSpec(shape=(), dtype=tf.resource, name=None)
  1781767330256: TensorSpec(shape=(), dtype=tf.resource, name=None)
  1781767331216: TensorSpec(shape=(), dtype=tf.resource, name=None)
  1781767331600: TensorSpec(shape=(), dtype=tf.resource, name=None)
  1781767329680: TensorSpec(shape=(), dtype=tf.resource, name=None)
  1780309944144: TensorSpec(shape=(), dtype=tf.resource, name=None)
  1780309943952: TensorSpec(shape=(), dtype=tf.resource, name=None)
  1781767331792: TensorSpec(shape=(), dtype=tf.resource, name=None)
  1780372817488: TensorSpec(shape=(), dtype=tf.resource, name=None)
  1780372817680: TensorSpec(shape=(), dtype=tf.resource, name=None)
  1780372816912: TensorSpec(shape=(), dtype=tf.resource, name=None)
  1780372816336: TensorSpec(shape=(), dtype=tf.resource, name=None)
  1780372816144: TensorSpec(shape=(), dtype=tf.resource, name=None)
  1780372817296: TensorSpec(shape=(), dtype=tf.resource, name=None)
  1780372817104: TensorSpec(shape=(), dtype=tf.resource, name=None)
  1780372816720: TensorSpec(shape=(), dtype=tf.resource, name=None)
  1780372818640: TensorSpec(shape=(), dtype=tf.resource, name=None)
  1780372818064: TensorSpec(shape=(), dtype=tf.resource, name=None)
  1780372818256: TensorSpec(shape=(), dtype=tf.resource, name=None)
  1780372818448: TensorSpec(shape=(), dtype=tf.resource, name=None)
  1780372815952: TensorSpec(shape=(), dtype=tf.resource, name=None)
  1780372819600: TensorSpec(shape=(), dtype=tf.resource, name=None)
  1780372819024: TensorSpec(shape=(), dtype=tf.resource, name=None)
  1780372819216: TensorSpec(shape=(), dtype=tf.resource, name=None)
  1780372819408: TensorSpec(shape=(), dtype=tf.resource, name=None)
  1780372816528: TensorSpec(shape=(), dtype=tf.resource, name=None)
  1780372820560: TensorSpec(shape=(), dtype=tf.resource, name=None)
  1780372819984: TensorSpec(shape=(), dtype=tf.resource, name=None)
  1780372820176: TensorSpec(shape=(), dtype=tf.resource, name=None)
  1780372820368: TensorSpec(shape=(), dtype=tf.resource, name=None)
  1780372817872: TensorSpec(shape=(), dtype=tf.resource, name=None)
  1780372821520: TensorSpec(shape=(), dtype=tf.resource, name=None)
  1780372820944: TensorSpec(shape=(), dtype=tf.resource, name=None)
  1780372821136: TensorSpec(shape=(), dtype=tf.resource, name=None)
  1780372821328: TensorSpec(shape=(), dtype=tf.resource, name=None)
  1780372818832: TensorSpec(shape=(), dtype=tf.resource, name=None)
  1780372822480: TensorSpec(shape=(), dtype=tf.resource, name=None)
  1780372821904: TensorSpec(shape=(), dtype=tf.resource, name=None)
  1780372822096: TensorSpec(shape=(), dtype=tf.resource, name=None)
  1780372822288: TensorSpec(shape=(), dtype=tf.resource, name=None)
  1780372819792: TensorSpec(shape=(), dtype=tf.resource, name=None)
  1780372823440: TensorSpec(shape=(), dtype=tf.resource, name=None)
  1780372822864: TensorSpec(shape=(), dtype=tf.resource, name=None)
  1780372823056: TensorSpec(shape=(), dtype=tf.resource, name=None)
  1780372823248: TensorSpec(shape=(), dtype=tf.resource, name=None)
  1780372820752: TensorSpec(shape=(), dtype=tf.resource, name=None)
  1780372824400: TensorSpec(shape=(), dtype=tf.resource, name=None)
  1780372823824: TensorSpec(shape=(), dtype=tf.resource, name=None)
  1780372824016: TensorSpec(shape=(), dtype=tf.resource, name=None)
  1780372824208: TensorSpec(shape=(), dtype=tf.resource, name=None)
  1780372821712: TensorSpec(shape=(), dtype=tf.resource, name=None)
  1780372825360: TensorSpec(shape=(), dtype=tf.resource, name=None)
  1780372824784: TensorSpec(shape=(), dtype=tf.resource, name=None)
  1780372824976: TensorSpec(shape=(), dtype=tf.resource, name=None)
  1780372825168: TensorSpec(shape=(), dtype=tf.resource, name=None)
  1780372822672: TensorSpec(shape=(), dtype=tf.resource, name=None)
  1780372826320: TensorSpec(shape=(), dtype=tf.resource, name=None)
  1780372825744: TensorSpec(shape=(), dtype=tf.resource, name=None)
  1780372825936: TensorSpec(shape=(), dtype=tf.resource, name=None)
  1780372826128: TensorSpec(shape=(), dtype=tf.resource, name=None)
  1780372823632: TensorSpec(shape=(), dtype=tf.resource, name=None)
  1780372827280: TensorSpec(shape=(), dtype=tf.resource, name=None)
  1780372826704: TensorSpec(shape=(), dtype=tf.resource, name=None)
  1780372826896: TensorSpec(shape=(), dtype=tf.resource, name=None)
  1780372827088: TensorSpec(shape=(), dtype=tf.resource, name=None)
  1780372824592: TensorSpec(shape=(), dtype=tf.resource, name=None)
  1780372828240: TensorSpec(shape=(), dtype=tf.resource, name=None)
  1780372827664: TensorSpec(shape=(), dtype=tf.resource, name=None)
  1780372827856: TensorSpec(shape=(), dtype=tf.resource, name=None)
  1780372828048: TensorSpec(shape=(), dtype=tf.resource, name=None)
  1780372825552: TensorSpec(shape=(), dtype=tf.resource, name=None)
  1780372829200: TensorSpec(shape=(), dtype=tf.resource, name=None)
  1780372828624: TensorSpec(shape=(), dtype=tf.resource, name=None)
  1780372828816: TensorSpec(shape=(), dtype=tf.resource, name=None)
  1780372829008: TensorSpec(shape=(), dtype=tf.resource, name=None)
  1780372826512: TensorSpec(shape=(), dtype=tf.resource, name=None)
  1780372830160: TensorSpec(shape=(), dtype=tf.resource, name=None)
  1780372829584: TensorSpec(shape=(), dtype=tf.resource, name=None)
  1780372829776: TensorSpec(shape=(), dtype=tf.resource, name=None)
  1780372829968: TensorSpec(shape=(), dtype=tf.resource, name=None)
  1780372827472: TensorSpec(shape=(), dtype=tf.resource, name=None)
  1780372831120: TensorSpec(shape=(), dtype=tf.resource, name=None)
  1780372830544: TensorSpec(shape=(), dtype=tf.resource, name=None)
  1780372830736: TensorSpec(shape=(), dtype=tf.resource, name=None)
  1780372831504: TensorSpec(shape=(), dtype=tf.resource, name=None)
  1780372828432: TensorSpec(shape=(), dtype=tf.resource, name=None)
  1780372832080: TensorSpec(shape=(), dtype=tf.resource, name=None)
  1780372830928: TensorSpec(shape=(), dtype=tf.resource, name=None)
  1780372831696: TensorSpec(shape=(), dtype=tf.resource, name=None)
  1780372829392: TensorSpec(shape=(), dtype=tf.resource, name=None)
  1780372831888: TensorSpec(shape=(), dtype=tf.resource, name=None)
  1780372831312: TensorSpec(shape=(), dtype=tf.resource, name=None)
  1780372830352: TensorSpec(shape=(), dtype=tf.resource, name=None)
  1780371850832: TensorSpec(shape=(), dtype=tf.resource, name=None)
  1780371851024: TensorSpec(shape=(), dtype=tf.resource, name=None)
  1780371850256: TensorSpec(shape=(), dtype=tf.resource, name=None)
  1780371849680: TensorSpec(shape=(), dtype=tf.resource, name=None)
  1780371849488: TensorSpec(shape=(), dtype=tf.resource, name=None)
  1780371850640: TensorSpec(shape=(), dtype=tf.resource, name=None)
  1780371850448: TensorSpec(shape=(), dtype=tf.resource, name=None)
  1780371850064: TensorSpec(shape=(), dtype=tf.resource, name=None)
  1780371851984: TensorSpec(shape=(), dtype=tf.resource, name=None)
  1780371851408: TensorSpec(shape=(), dtype=tf.resource, name=None)
  1780371851600: TensorSpec(shape=(), dtype=tf.resource, name=None)
  1780371851792: TensorSpec(shape=(), dtype=tf.resource, name=None)
  1780371849296: TensorSpec(shape=(), dtype=tf.resource, name=None)
  1780371852944: TensorSpec(shape=(), dtype=tf.resource, name=None)
  1780371852368: TensorSpec(shape=(), dtype=tf.resource, name=None)
  1780371852560: TensorSpec(shape=(), dtype=tf.resource, name=None)
  1780371852752: TensorSpec(shape=(), dtype=tf.resource, name=None)
  1780371849872: TensorSpec(shape=(), dtype=tf.resource, name=None)
  1780371853904: TensorSpec(shape=(), dtype=tf.resource, name=None)
  1780371853328: TensorSpec(shape=(), dtype=tf.resource, name=None)
  1780371853520: TensorSpec(shape=(), dtype=tf.resource, name=None)
  1780371853712: TensorSpec(shape=(), dtype=tf.resource, name=None)
  1780371851216: TensorSpec(shape=(), dtype=tf.resource, name=None)
  1780371854864: TensorSpec(shape=(), dtype=tf.resource, name=None)
  1780371854288: TensorSpec(shape=(), dtype=tf.resource, name=None)
  1780371854480: TensorSpec(shape=(), dtype=tf.resource, name=None)
  1780371854672: TensorSpec(shape=(), dtype=tf.resource, name=None)
  1780371852176: TensorSpec(shape=(), dtype=tf.resource, name=None)
  1780371855824: TensorSpec(shape=(), dtype=tf.resource, name=None)
  1780371855248: TensorSpec(shape=(), dtype=tf.resource, name=None)
  1780371855440: TensorSpec(shape=(), dtype=tf.resource, name=None)
  1780371855632: TensorSpec(shape=(), dtype=tf.resource, name=None)
  1780371853136: TensorSpec(shape=(), dtype=tf.resource, name=None)
  1780371856784: TensorSpec(shape=(), dtype=tf.resource, name=None)
  1780371856208: TensorSpec(shape=(), dtype=tf.resource, name=None)
  1780371856400: TensorSpec(shape=(), dtype=tf.resource, name=None)
  1780371856592: TensorSpec(shape=(), dtype=tf.resource, name=None)
  1780371854096: TensorSpec(shape=(), dtype=tf.resource, name=None)
  1780371857744: TensorSpec(shape=(), dtype=tf.resource, name=None)
  1780371857168: TensorSpec(shape=(), dtype=tf.resource, name=None)
  1780371857360: TensorSpec(shape=(), dtype=tf.resource, name=None)
  1780371857552: TensorSpec(shape=(), dtype=tf.resource, name=None)
  1780371855056: TensorSpec(shape=(), dtype=tf.resource, name=None)
  1780371858704: TensorSpec(shape=(), dtype=tf.resource, name=None)
  1780371858128: TensorSpec(shape=(), dtype=tf.resource, name=None)
  1780371858320: TensorSpec(shape=(), dtype=tf.resource, name=None)
  1780371858512: TensorSpec(shape=(), dtype=tf.resource, name=None)
  1780371856016: TensorSpec(shape=(), dtype=tf.resource, name=None)
  1780371859664: TensorSpec(shape=(), dtype=tf.resource, name=None)
  1780371859088: TensorSpec(shape=(), dtype=tf.resource, name=None)
  1780371859280: TensorSpec(shape=(), dtype=tf.resource, name=None)
  1780371859472: TensorSpec(shape=(), dtype=tf.resource, name=None)
  1780371856976: TensorSpec(shape=(), dtype=tf.resource, name=None)
  1780371860624: TensorSpec(shape=(), dtype=tf.resource, name=None)
  1780371860048: TensorSpec(shape=(), dtype=tf.resource, name=None)
  1780371860240: TensorSpec(shape=(), dtype=tf.resource, name=None)
  1780371860432: TensorSpec(shape=(), dtype=tf.resource, name=None)
  1780371857936: TensorSpec(shape=(), dtype=tf.resource, name=None)
  1780371861584: TensorSpec(shape=(), dtype=tf.resource, name=None)
  1780371861008: TensorSpec(shape=(), dtype=tf.resource, name=None)
  1780371861200: TensorSpec(shape=(), dtype=tf.resource, name=None)
  1780371861392: TensorSpec(shape=(), dtype=tf.resource, name=None)
  1780371858896: TensorSpec(shape=(), dtype=tf.resource, name=None)
  1780371862544: TensorSpec(shape=(), dtype=tf.resource, name=None)
  1780371861968: TensorSpec(shape=(), dtype=tf.resource, name=None)
  1780371862160: TensorSpec(shape=(), dtype=tf.resource, name=None)
  1780371862352: TensorSpec(shape=(), dtype=tf.resource, name=None)
  1780371859856: TensorSpec(shape=(), dtype=tf.resource, name=None)
  1780371863504: TensorSpec(shape=(), dtype=tf.resource, name=None)
  1780371862928: TensorSpec(shape=(), dtype=tf.resource, name=None)
  1780371863120: TensorSpec(shape=(), dtype=tf.resource, name=None)
  1780371863312: TensorSpec(shape=(), dtype=tf.resource, name=None)
  1780371860816: TensorSpec(shape=(), dtype=tf.resource, name=None)
  1780371864464: TensorSpec(shape=(), dtype=tf.resource, name=None)
  1780371863888: TensorSpec(shape=(), dtype=tf.resource, name=None)
  1780371864080: TensorSpec(shape=(), dtype=tf.resource, name=None)
  1780371864848: TensorSpec(shape=(), dtype=tf.resource, name=None)
  1780371861776: TensorSpec(shape=(), dtype=tf.resource, name=None)
  1780371865424: TensorSpec(shape=(), dtype=tf.resource, name=None)
  1780371864272: TensorSpec(shape=(), dtype=tf.resource, name=None)
  1780371865040: TensorSpec(shape=(), dtype=tf.resource, name=None)
  1780371862736: TensorSpec(shape=(), dtype=tf.resource, name=None)
  1780371865232: TensorSpec(shape=(), dtype=tf.resource, name=None)
  1780371864656: TensorSpec(shape=(), dtype=tf.resource, name=None)
  1780969701840: TensorSpec(shape=(), dtype=tf.resource, name=None)
  1780969702416: TensorSpec(shape=(), dtype=tf.resource, name=None)
  1780969703376: TensorSpec(shape=(), dtype=tf.resource, name=None)
  1780969702608: TensorSpec(shape=(), dtype=tf.resource, name=None)
W0000 00:00:1789555649.995316    7660 tf_tfl_flatbuffer_helpers.cc:365] Ignored output_format.
W0000 00:00:1789555649.997248    7660 tf_tfl_flatbuffer_helpers.cc:368] Ignored drop_control_dependency.
2026-09-16 16:17:30.007105: I tensorflow/cc/saved_model/reader.cc:83] Reading SavedModel from: C:\Users\Apeksha\AppData\Local\Temp\tmp2zfarls4
2026-09-16 16:17:30.056687: I tensorflow/cc/saved_model/reader.cc:52] Reading meta graph with tags { serve }
2026-09-16 16:17:30.056778: I tensorflow/cc/saved_model/reader.cc:147] Reading SavedModel debug info (if present) from: C:\Users\Apeksha\AppData\Local\Temp\tmp2zfarls4
2026-09-16 16:17:30.575611: I tensorflow/cc/saved_model/loader.cc:236] Restoring SavedModel bundle.
2026-09-16 16:17:33.468627: I tensorflow/cc/saved_model/loader.cc:220] Running initialization op on SavedModel bundle at path: C:\Users\Apeksha\AppData\Local\Temp\tmp2zfarls4
2026-09-16 16:17:34.168699: I tensorflow/cc/saved_model/loader.cc:471] SavedModel load for tags { serve }; Status: success: OK. Took 4163969 microseconds.
  selected: best guarded validation macro F1 at epoch 6
  validation: acc=0.5919 balanced_acc=0.2539 macroF1=0.2428 healthy_recall=0.8267

=== ARM alpha_0.75 (alpha=0.75) ===
  preprocess: train/val/test = mobilenet preprocess_input ([-1, 1])
  augmentation: train only, {'random_flip': 'horizontal', 'random_contrast': 0.1, 'random_translation_height': 0.05, 'random_translation_width': 0.05, 'random_zoom_height': 0.05, 'random_zoom_width': 0.05}
  class weights (train split only):
    0 healthy                    n_train=974   weight=0.4619
    1 stunted                    n_train=38    weight=5.2615
    2 stunted and underweight    n_train=148   weight=1.8978
    3 underweight                n_train=231   weight=1.3591
D:\Final-Year-Project\.venv\Lib\site-packages\keras\src\trainers\epoch_iterator.py:74: UserWarning: `shuffle=True` was passed, but will be ignored since the data `x` was provided as a tf.data.Dataset. The Dataset is expected to already be shuffled (via `.shuffle(buffer_size)`).
  self.data_adapter = data_adapters.get_data_adapter(
    epoch  1: val_loss=1.1500 val_acc=0.4517 val_macroF1=0.2169 healthy_recall=0.5378
    epoch  2: val_loss=1.1478 val_acc=0.4517 val_macroF1=0.2219 healthy_recall=0.5556
    epoch  3: val_loss=1.0935 val_acc=0.4922 val_macroF1=0.2284 healthy_recall=0.6267
    epoch  4: val_loss=1.0233 val_acc=0.6137 val_macroF1=0.2287 healthy_recall=0.8489  <- saved
    epoch  5: val_loss=1.0405 val_acc=0.6012 val_macroF1=0.2768 healthy_recall=0.7956
    epoch  6: val_loss=1.0803 val_acc=0.4611 val_macroF1=0.2424 healthy_recall=0.5600
    epoch  7: val_loss=1.0648 val_acc=0.5358 val_macroF1=0.2495 healthy_recall=0.7067

Epoch 7: ReduceLROnPlateau reducing learning rate to 4.999999873689376e-05.
    epoch  8: val_loss=1.0417 val_acc=0.5763 val_macroF1=0.2505 healthy_recall=0.7733
    epoch  9: val_loss=1.0652 val_acc=0.5421 val_macroF1=0.2568 healthy_recall=0.7111
Saved artifact at 'C:\Users\Apeksha\AppData\Local\Temp\tmp5tg2dv6b'. The following endpoints are available:

* Endpoint 'serve'
  args_0 (POSITIONAL_ONLY): TensorSpec(shape=(None, 224, 224, 3), dtype=tf.float32, name='image_input')
Output Type:
  TensorSpec(shape=(None, 4), dtype=tf.float32, name=None)
Captures:
  1780969712208: TensorSpec(shape=(), dtype=tf.resource, name=None)
  1780969712400: TensorSpec(shape=(), dtype=tf.resource, name=None)
  1780969712592: TensorSpec(shape=(), dtype=tf.resource, name=None)
  1780969715472: TensorSpec(shape=(), dtype=tf.resource, name=None)
  1780969713744: TensorSpec(shape=(), dtype=tf.resource, name=None)
  1780969707216: TensorSpec(shape=(), dtype=tf.resource, name=None)
  1780969710672: TensorSpec(shape=(), dtype=tf.resource, name=None)
  1780969710864: TensorSpec(shape=(), dtype=tf.resource, name=None)
  1780969711440: TensorSpec(shape=(), dtype=tf.resource, name=None)
  1780969709520: TensorSpec(shape=(), dtype=tf.resource, name=None)
  1780969712016: TensorSpec(shape=(), dtype=tf.resource, name=None)
  1780969711824: TensorSpec(shape=(), dtype=tf.resource, name=None)
  1780969715280: TensorSpec(shape=(), dtype=tf.resource, name=None)
  1780969714320: TensorSpec(shape=(), dtype=tf.resource, name=None)
  1780969708560: TensorSpec(shape=(), dtype=tf.resource, name=None)
  1780969709904: TensorSpec(shape=(), dtype=tf.resource, name=None)
  1780969712976: TensorSpec(shape=(), dtype=tf.resource, name=None)
  1780969708752: TensorSpec(shape=(), dtype=tf.resource, name=None)
  1780969704528: TensorSpec(shape=(), dtype=tf.resource, name=None)
  1780969710480: TensorSpec(shape=(), dtype=tf.resource, name=None)
  1780969707408: TensorSpec(shape=(), dtype=tf.resource, name=None)
  1780969709328: TensorSpec(shape=(), dtype=tf.resource, name=None)
  1780969709712: TensorSpec(shape=(), dtype=tf.resource, name=None)
  1780969713168: TensorSpec(shape=(), dtype=tf.resource, name=None)
  1780969707024: TensorSpec(shape=(), dtype=tf.resource, name=None)
  1780969711056: TensorSpec(shape=(), dtype=tf.resource, name=None)
  1780969707792: TensorSpec(shape=(), dtype=tf.resource, name=None)
  1780969707600: TensorSpec(shape=(), dtype=tf.resource, name=None)
  1780969713552: TensorSpec(shape=(), dtype=tf.resource, name=None)
  1780969706256: TensorSpec(shape=(), dtype=tf.resource, name=None)
  1780969704144: TensorSpec(shape=(), dtype=tf.resource, name=None)
  1780969706832: TensorSpec(shape=(), dtype=tf.resource, name=None)
  1780969708176: TensorSpec(shape=(), dtype=tf.resource, name=None)
  1780969704336: TensorSpec(shape=(), dtype=tf.resource, name=None)
  1780969703760: TensorSpec(shape=(), dtype=tf.resource, name=None)
  1780969709136: TensorSpec(shape=(), dtype=tf.resource, name=None)
  1784094389840: TensorSpec(shape=(), dtype=tf.resource, name=None)
  1780969703952: TensorSpec(shape=(), dtype=tf.resource, name=None)
  1784094391376: TensorSpec(shape=(), dtype=tf.resource, name=None)
  1780969704720: TensorSpec(shape=(), dtype=tf.resource, name=None)
  1780969706640: TensorSpec(shape=(), dtype=tf.resource, name=None)
  1784094392144: TensorSpec(shape=(), dtype=tf.resource, name=None)
  1784094391568: TensorSpec(shape=(), dtype=tf.resource, name=None)
  1780969707984: TensorSpec(shape=(), dtype=tf.resource, name=None)
  1784094391184: TensorSpec(shape=(), dtype=tf.resource, name=None)
  1780309942224: TensorSpec(shape=(), dtype=tf.resource, name=None)
  1780309941840: TensorSpec(shape=(), dtype=tf.resource, name=None)
  1780309939920: TensorSpec(shape=(), dtype=tf.resource, name=None)
  1780309943376: TensorSpec(shape=(), dtype=tf.resource, name=None)
  1780309945872: TensorSpec(shape=(), dtype=tf.resource, name=None)
  1780309946256: TensorSpec(shape=(), dtype=tf.resource, name=None)
  1780309945296: TensorSpec(shape=(), dtype=tf.resource, name=None)
  1780309945680: TensorSpec(shape=(), dtype=tf.resource, name=None)
  1780309940880: TensorSpec(shape=(), dtype=tf.resource, name=None)
  1780309942032: TensorSpec(shape=(), dtype=tf.resource, name=None)
  1780309943184: TensorSpec(shape=(), dtype=tf.resource, name=None)
  1780309945488: TensorSpec(shape=(), dtype=tf.resource, name=None)
  1780309945104: TensorSpec(shape=(), dtype=tf.resource, name=None)
  1780309935696: TensorSpec(shape=(), dtype=tf.resource, name=None)
  1780309942608: TensorSpec(shape=(), dtype=tf.resource, name=None)
  1780309942992: TensorSpec(shape=(), dtype=tf.resource, name=None)
  1780309942416: TensorSpec(shape=(), dtype=tf.resource, name=None)
  1780309943568: TensorSpec(shape=(), dtype=tf.resource, name=None)
  1780309946064: TensorSpec(shape=(), dtype=tf.resource, name=None)
  1780309941648: TensorSpec(shape=(), dtype=tf.resource, name=None)
  1780309941072: TensorSpec(shape=(), dtype=tf.resource, name=None)
  1780309938960: TensorSpec(shape=(), dtype=tf.resource, name=None)
  1780309941456: TensorSpec(shape=(), dtype=tf.resource, name=None)
  1780309943760: TensorSpec(shape=(), dtype=tf.resource, name=None)
  1780309940688: TensorSpec(shape=(), dtype=tf.resource, name=None)
  1780309940112: TensorSpec(shape=(), dtype=tf.resource, name=None)
  1780309938000: TensorSpec(shape=(), dtype=tf.resource, name=None)
  1780309940496: TensorSpec(shape=(), dtype=tf.resource, name=None)
  1780309942800: TensorSpec(shape=(), dtype=tf.resource, name=None)
  1780309939728: TensorSpec(shape=(), dtype=tf.resource, name=None)
  1780309939152: TensorSpec(shape=(), dtype=tf.resource, name=None)
  1780309937040: TensorSpec(shape=(), dtype=tf.resource, name=None)
  1780309939536: TensorSpec(shape=(), dtype=tf.resource, name=None)
  1780309941264: TensorSpec(shape=(), dtype=tf.resource, name=None)
  1780309938768: TensorSpec(shape=(), dtype=tf.resource, name=None)
  1780309938192: TensorSpec(shape=(), dtype=tf.resource, name=None)
  1780309936080: TensorSpec(shape=(), dtype=tf.resource, name=None)
  1780309938576: TensorSpec(shape=(), dtype=tf.resource, name=None)
  1780309940304: TensorSpec(shape=(), dtype=tf.resource, name=None)
  1780309937808: TensorSpec(shape=(), dtype=tf.resource, name=None)
  1780309937232: TensorSpec(shape=(), dtype=tf.resource, name=None)
  1780309934736: TensorSpec(shape=(), dtype=tf.resource, name=None)
  1780309937616: TensorSpec(shape=(), dtype=tf.resource, name=None)
  1780309939344: TensorSpec(shape=(), dtype=tf.resource, name=None)
  1780309936848: TensorSpec(shape=(), dtype=tf.resource, name=None)
  1780309936272: TensorSpec(shape=(), dtype=tf.resource, name=None)
  1780309934160: TensorSpec(shape=(), dtype=tf.resource, name=None)
  1780309936656: TensorSpec(shape=(), dtype=tf.resource, name=None)
  1780309938384: TensorSpec(shape=(), dtype=tf.resource, name=None)
  1780309934544: TensorSpec(shape=(), dtype=tf.resource, name=None)
  1780309934352: TensorSpec(shape=(), dtype=tf.resource, name=None)
  1780309937424: TensorSpec(shape=(), dtype=tf.resource, name=None)
  1780309935120: TensorSpec(shape=(), dtype=tf.resource, name=None)
  1780309934928: TensorSpec(shape=(), dtype=tf.resource, name=None)
  1780309935888: TensorSpec(shape=(), dtype=tf.resource, name=None)
  1780309935312: TensorSpec(shape=(), dtype=tf.resource, name=None)
  1781767917584: TensorSpec(shape=(), dtype=tf.resource, name=None)
  1781767916816: TensorSpec(shape=(), dtype=tf.resource, name=None)
  1780309936464: TensorSpec(shape=(), dtype=tf.resource, name=None)
  1780309935504: TensorSpec(shape=(), dtype=tf.resource, name=None)
  1781767919504: TensorSpec(shape=(), dtype=tf.resource, name=None)
  1781767917968: TensorSpec(shape=(), dtype=tf.resource, name=None)
  1781767917392: TensorSpec(shape=(), dtype=tf.resource, name=None)
  1781767917200: TensorSpec(shape=(), dtype=tf.resource, name=None)
  1781767916624: TensorSpec(shape=(), dtype=tf.resource, name=None)
  1781767915472: TensorSpec(shape=(), dtype=tf.resource, name=None)
  1781767915088: TensorSpec(shape=(), dtype=tf.resource, name=None)
  1781767916048: TensorSpec(shape=(), dtype=tf.resource, name=None)
  1781767926032: TensorSpec(shape=(), dtype=tf.resource, name=None)
  1781767913936: TensorSpec(shape=(), dtype=tf.resource, name=None)
  1781767914128: TensorSpec(shape=(), dtype=tf.resource, name=None)
  1781767919696: TensorSpec(shape=(), dtype=tf.resource, name=None)
  1781767913552: TensorSpec(shape=(), dtype=tf.resource, name=None)
  1781767915280: TensorSpec(shape=(), dtype=tf.resource, name=None)
  1781767918352: TensorSpec(shape=(), dtype=tf.resource, name=None)
  1781767915664: TensorSpec(shape=(), dtype=tf.resource, name=None)
  1781767916432: TensorSpec(shape=(), dtype=tf.resource, name=None)
  1781767914512: TensorSpec(shape=(), dtype=tf.resource, name=None)
  1781767918544: TensorSpec(shape=(), dtype=tf.resource, name=None)
  1781767918736: TensorSpec(shape=(), dtype=tf.resource, name=None)
  1781767917008: TensorSpec(shape=(), dtype=tf.resource, name=None)
  1781767331024: TensorSpec(shape=(), dtype=tf.resource, name=None)
  1781767331984: TensorSpec(shape=(), dtype=tf.resource, name=None)
  1781767328720: TensorSpec(shape=(), dtype=tf.resource, name=None)
  1781767916240: TensorSpec(shape=(), dtype=tf.resource, name=None)
  1781767914896: TensorSpec(shape=(), dtype=tf.resource, name=None)
  1781767913744: TensorSpec(shape=(), dtype=tf.resource, name=None)
  1781768043984: TensorSpec(shape=(), dtype=tf.resource, name=None)
  1781767915856: TensorSpec(shape=(), dtype=tf.resource, name=None)
  1781767914704: TensorSpec(shape=(), dtype=tf.resource, name=None)
  1781768042640: TensorSpec(shape=(), dtype=tf.resource, name=None)
  1781768044176: TensorSpec(shape=(), dtype=tf.resource, name=None)
  1781768043600: TensorSpec(shape=(), dtype=tf.resource, name=None)
  1781768042064: TensorSpec(shape=(), dtype=tf.resource, name=None)
  1781768042832: TensorSpec(shape=(), dtype=tf.resource, name=None)
  1781768043024: TensorSpec(shape=(), dtype=tf.resource, name=None)
  1781768044368: TensorSpec(shape=(), dtype=tf.resource, name=None)
  1781768042256: TensorSpec(shape=(), dtype=tf.resource, name=None)
  1781768043216: TensorSpec(shape=(), dtype=tf.resource, name=None)
  1781768040912: TensorSpec(shape=(), dtype=tf.resource, name=None)
  1781768039376: TensorSpec(shape=(), dtype=tf.resource, name=None)
  1781768043408: TensorSpec(shape=(), dtype=tf.resource, name=None)
  1781768040144: TensorSpec(shape=(), dtype=tf.resource, name=None)
  1781768041872: TensorSpec(shape=(), dtype=tf.resource, name=None)
  1781768039952: TensorSpec(shape=(), dtype=tf.resource, name=None)
  1781768041488: TensorSpec(shape=(), dtype=tf.resource, name=None)
  1781768042448: TensorSpec(shape=(), dtype=tf.resource, name=None)
  1781768041296: TensorSpec(shape=(), dtype=tf.resource, name=None)
  1781768043792: TensorSpec(shape=(), dtype=tf.resource, name=None)
  1781768039760: TensorSpec(shape=(), dtype=tf.resource, name=None)
  1781768041104: TensorSpec(shape=(), dtype=tf.resource, name=None)
  1781768041680: TensorSpec(shape=(), dtype=tf.resource, name=None)
  1781768040336: TensorSpec(shape=(), dtype=tf.resource, name=None)
  1781768040720: TensorSpec(shape=(), dtype=tf.resource, name=None)
  1781768039568: TensorSpec(shape=(), dtype=tf.resource, name=None)
  1781768040528: TensorSpec(shape=(), dtype=tf.resource, name=None)
  1782282812304: TensorSpec(shape=(), dtype=tf.resource, name=None)
  1782282804432: TensorSpec(shape=(), dtype=tf.resource, name=None)
  1781768039184: TensorSpec(shape=(), dtype=tf.resource, name=None)
  1781768038608: TensorSpec(shape=(), dtype=tf.resource, name=None)
  1782282805392: TensorSpec(shape=(), dtype=tf.resource, name=None)
  1782282806544: TensorSpec(shape=(), dtype=tf.resource, name=None)
  1782282807696: TensorSpec(shape=(), dtype=tf.resource, name=None)
  1782282811536: TensorSpec(shape=(), dtype=tf.resource, name=None)
  1782282809616: TensorSpec(shape=(), dtype=tf.resource, name=None)
  1784180844944: TensorSpec(shape=(), dtype=tf.resource, name=None)
  1782282810960: TensorSpec(shape=(), dtype=tf.resource, name=None)
  1782258391312: TensorSpec(shape=(), dtype=tf.resource, name=None)
  1784180843024: TensorSpec(shape=(), dtype=tf.resource, name=None)
  1782282830288: TensorSpec(shape=(), dtype=tf.resource, name=None)
  1782282812880: TensorSpec(shape=(), dtype=tf.resource, name=None)
  1782282812496: TensorSpec(shape=(), dtype=tf.resource, name=None)
  1782282807504: TensorSpec(shape=(), dtype=tf.resource, name=None)
  1782282808848: TensorSpec(shape=(), dtype=tf.resource, name=None)
  1782282810192: TensorSpec(shape=(), dtype=tf.resource, name=None)
  1782282811728: TensorSpec(shape=(), dtype=tf.resource, name=None)
  1781112029008: TensorSpec(shape=(), dtype=tf.resource, name=None)
  1781112028240: TensorSpec(shape=(), dtype=tf.resource, name=None)
  1782282809040: TensorSpec(shape=(), dtype=tf.resource, name=None)
  1781112028048: TensorSpec(shape=(), dtype=tf.resource, name=None)
  1781112027856: TensorSpec(shape=(), dtype=tf.resource, name=None)
  1781112025744: TensorSpec(shape=(), dtype=tf.resource, name=None)
  1780362724368: TensorSpec(shape=(), dtype=tf.resource, name=None)
  1781112024784: TensorSpec(shape=(), dtype=tf.resource, name=None)
  1781112028816: TensorSpec(shape=(), dtype=tf.resource, name=None)
  1780362724560: TensorSpec(shape=(), dtype=tf.resource, name=None)
  1780362723600: TensorSpec(shape=(), dtype=tf.resource, name=None)
  1780362723408: TensorSpec(shape=(), dtype=tf.resource, name=None)
  1780362723984: TensorSpec(shape=(), dtype=tf.resource, name=None)
  1780362725520: TensorSpec(shape=(), dtype=tf.resource, name=None)
  1780362724944: TensorSpec(shape=(), dtype=tf.resource, name=None)
  1780362725136: TensorSpec(shape=(), dtype=tf.resource, name=None)
  1780362725328: TensorSpec(shape=(), dtype=tf.resource, name=None)
  1780362724752: TensorSpec(shape=(), dtype=tf.resource, name=None)
  1780362726480: TensorSpec(shape=(), dtype=tf.resource, name=None)
  1780362725904: TensorSpec(shape=(), dtype=tf.resource, name=None)
  1780362726096: TensorSpec(shape=(), dtype=tf.resource, name=None)
  1780362726288: TensorSpec(shape=(), dtype=tf.resource, name=None)
  1780362724176: TensorSpec(shape=(), dtype=tf.resource, name=None)
  1780362727440: TensorSpec(shape=(), dtype=tf.resource, name=None)
  1780362726864: TensorSpec(shape=(), dtype=tf.resource, name=None)
  1780362727056: TensorSpec(shape=(), dtype=tf.resource, name=None)
  1780362727248: TensorSpec(shape=(), dtype=tf.resource, name=None)
  1780362723792: TensorSpec(shape=(), dtype=tf.resource, name=None)
  1780362728400: TensorSpec(shape=(), dtype=tf.resource, name=None)
  1780362727824: TensorSpec(shape=(), dtype=tf.resource, name=None)
  1780362728016: TensorSpec(shape=(), dtype=tf.resource, name=None)
  1780362728208: TensorSpec(shape=(), dtype=tf.resource, name=None)
  1780362725712: TensorSpec(shape=(), dtype=tf.resource, name=None)
  1780362729360: TensorSpec(shape=(), dtype=tf.resource, name=None)
  1780362728784: TensorSpec(shape=(), dtype=tf.resource, name=None)
  1780362728976: TensorSpec(shape=(), dtype=tf.resource, name=None)
  1780362729168: TensorSpec(shape=(), dtype=tf.resource, name=None)
  1780362726672: TensorSpec(shape=(), dtype=tf.resource, name=None)
  1780362730320: TensorSpec(shape=(), dtype=tf.resource, name=None)
  1780362729744: TensorSpec(shape=(), dtype=tf.resource, name=None)
  1780362729936: TensorSpec(shape=(), dtype=tf.resource, name=None)
  1780362730128: TensorSpec(shape=(), dtype=tf.resource, name=None)
  1780362727632: TensorSpec(shape=(), dtype=tf.resource, name=None)
  1780362731280: TensorSpec(shape=(), dtype=tf.resource, name=None)
  1780362730704: TensorSpec(shape=(), dtype=tf.resource, name=None)
  1780362730896: TensorSpec(shape=(), dtype=tf.resource, name=None)
  1780362731088: TensorSpec(shape=(), dtype=tf.resource, name=None)
  1780362728592: TensorSpec(shape=(), dtype=tf.resource, name=None)
  1780362732240: TensorSpec(shape=(), dtype=tf.resource, name=None)
  1780362731664: TensorSpec(shape=(), dtype=tf.resource, name=None)
  1780362731856: TensorSpec(shape=(), dtype=tf.resource, name=None)
  1780362732048: TensorSpec(shape=(), dtype=tf.resource, name=None)
  1780362729552: TensorSpec(shape=(), dtype=tf.resource, name=None)
  1780362733200: TensorSpec(shape=(), dtype=tf.resource, name=None)
  1780362732624: TensorSpec(shape=(), dtype=tf.resource, name=None)
  1780362732816: TensorSpec(shape=(), dtype=tf.resource, name=None)
  1780362733008: TensorSpec(shape=(), dtype=tf.resource, name=None)
  1780362730512: TensorSpec(shape=(), dtype=tf.resource, name=None)
  1780362734160: TensorSpec(shape=(), dtype=tf.resource, name=None)
  1780362733584: TensorSpec(shape=(), dtype=tf.resource, name=None)
  1780362733776: TensorSpec(shape=(), dtype=tf.resource, name=None)
  1780362733968: TensorSpec(shape=(), dtype=tf.resource, name=None)
  1780362731472: TensorSpec(shape=(), dtype=tf.resource, name=None)
  1780362735120: TensorSpec(shape=(), dtype=tf.resource, name=None)
  1780362734544: TensorSpec(shape=(), dtype=tf.resource, name=None)
  1780362734736: TensorSpec(shape=(), dtype=tf.resource, name=None)
  1780362734928: TensorSpec(shape=(), dtype=tf.resource, name=None)
  1780362732432: TensorSpec(shape=(), dtype=tf.resource, name=None)
  1780362736080: TensorSpec(shape=(), dtype=tf.resource, name=None)
  1780362735504: TensorSpec(shape=(), dtype=tf.resource, name=None)
  1780362735696: TensorSpec(shape=(), dtype=tf.resource, name=None)
  1780362735888: TensorSpec(shape=(), dtype=tf.resource, name=None)
  1780362733392: TensorSpec(shape=(), dtype=tf.resource, name=None)
  1780362737040: TensorSpec(shape=(), dtype=tf.resource, name=None)
  1780362736464: TensorSpec(shape=(), dtype=tf.resource, name=None)
  1780362736656: TensorSpec(shape=(), dtype=tf.resource, name=None)
  1780362736848: TensorSpec(shape=(), dtype=tf.resource, name=None)
  1780362734352: TensorSpec(shape=(), dtype=tf.resource, name=None)
  1780362738000: TensorSpec(shape=(), dtype=tf.resource, name=None)
  1780362738384: TensorSpec(shape=(), dtype=tf.resource, name=None)
  1780362738192: TensorSpec(shape=(), dtype=tf.resource, name=None)
  1780362738960: TensorSpec(shape=(), dtype=tf.resource, name=None)
  1780362737808: TensorSpec(shape=(), dtype=tf.resource, name=None)
W0000 00:00:1789656562.584108    7660 tf_tfl_flatbuffer_helpers.cc:365] Ignored output_format.
W0000 00:00:1789656562.584525    7660 tf_tfl_flatbuffer_helpers.cc:368] Ignored drop_control_dependency.
2026-09-17 20:19:22.595959: I tensorflow/cc/saved_model/reader.cc:83] Reading SavedModel from: C:\Users\Apeksha\AppData\Local\Temp\tmp5tg2dv6b
2026-09-17 20:19:22.652911: I tensorflow/cc/saved_model/reader.cc:52] Reading meta graph with tags { serve }
2026-09-17 20:19:22.653039: I tensorflow/cc/saved_model/reader.cc:147] Reading SavedModel debug info (if present) from: C:\Users\Apeksha\AppData\Local\Temp\tmp5tg2dv6b
2026-09-17 20:19:26.830588: I tensorflow/cc/saved_model/loader.cc:236] Restoring SavedModel bundle.
2026-09-17 20:19:42.682207: I tensorflow/cc/saved_model/loader.cc:220] Running initialization op on SavedModel bundle at path: C:\Users\Apeksha\AppData\Local\Temp\tmp5tg2dv6b
2026-09-17 20:19:43.674354: I tensorflow/cc/saved_model/loader.cc:471] SavedModel load for tags { serve }; Status: success: OK. Took 21078864 microseconds.
  selected: best guarded validation macro F1 at epoch 4
  validation: acc=0.6137 balanced_acc=0.2405 macroF1=0.2287 healthy_recall=0.8489

=== SELECTED ARM (validation macro_f1=0.2428, healthy-recall floor 0.8): alpha_0.50 ===

Decoding/resizing test images once for TFLite evaluation ...
D:\Final-Year-Project\.venv\Lib\site-packages\tensorflow\lite\python\interpreter.py:457: UserWarning:     Warning: tf.lite.Interpreter is deprecated and is scheduled for deletion in
    TF 2.20. Please use the LiteRT interpreter from the ai_edge_litert package.
    See the [migration guide](https://ai.google.dev/edge/litert/migration)
    for details.
    
  warnings.warn(_INTERPRETER_DELETION_WARNING)
INFO: Created TensorFlow Lite XNNPACK delegate for CPU.
[TFLite] production: best_model.tflite input [1, 224, 224, 3] float32 | output [1, 4] float32
[TFLite] v1_balanced_alpha_1.00: best_model.tflite input [1, 224, 224, 3] float32 | output [1, 4] float32
[TFLite] alpha_0.25: best_model.tflite input [1, 224, 224, 3] float32 | output [1, 4] float32
[TFLite] alpha_0.50: best_model.tflite input [1, 224, 224, 3] float32 | output [1, 4] float32
[TFLite] alpha_0.75: best_model.tflite input [1, 224, 224, 3] float32 | output [1, 4] float32
  predicting: production / mobilenet ...
  predicting: production / div255 ...
  predicting: v1_balanced_alpha_1.00 / mobilenet ...
